------------------------------------------------------------
TimeQuest Timing Analyzer Summary
------------------------------------------------------------

Type  : Slow 1200mV 85C Model Setup 'MEM_WB_Buffer:MEM_WB_Buffer_entity|reg_5bit:EX_MEM_reg_Rd_reg|dflipflop:bit0|o_q~1'
Slack : -5.264
TNS   : -262.518

Type  : Slow 1200mV 85C Model Setup 'GClock'
Slack : -1.783
TNS   : -71.320

Type  : Slow 1200mV 85C Model Hold 'MEM_WB_Buffer:MEM_WB_Buffer_entity|reg_5bit:EX_MEM_reg_Rd_reg|dflipflop:bit0|o_q~1'
Slack : 0.524
TNS   : 0.000

Type  : Slow 1200mV 85C Model Hold 'GClock'
Slack : 2.324
TNS   : 0.000

Type  : Slow 1200mV 85C Model Recovery 'GClock'
Slack : -3.858
TNS   : -336.570

Type  : Slow 1200mV 85C Model Removal 'GClock'
Slack : -0.675
TNS   : -15.897

Type  : Slow 1200mV 85C Model Minimum Pulse Width 'GClock'
Slack : -3.000
TNS   : -98.656

Type  : Slow 1200mV 85C Model Minimum Pulse Width 'MEM_WB_Buffer:MEM_WB_Buffer_entity|reg_5bit:EX_MEM_reg_Rd_reg|dflipflop:bit0|o_q~1'
Slack : 0.389
TNS   : 0.000

Type  : Slow 1200mV 0C Model Setup 'MEM_WB_Buffer:MEM_WB_Buffer_entity|reg_5bit:EX_MEM_reg_Rd_reg|dflipflop:bit0|o_q~1'
Slack : -4.738
TNS   : -235.095

Type  : Slow 1200mV 0C Model Setup 'GClock'
Slack : -1.507
TNS   : -60.280

Type  : Slow 1200mV 0C Model Hold 'MEM_WB_Buffer:MEM_WB_Buffer_entity|reg_5bit:EX_MEM_reg_Rd_reg|dflipflop:bit0|o_q~1'
Slack : 0.566
TNS   : 0.000

Type  : Slow 1200mV 0C Model Hold 'GClock'
Slack : 2.085
TNS   : 0.000

Type  : Slow 1200mV 0C Model Recovery 'GClock'
Slack : -3.427
TNS   : -299.441

Type  : Slow 1200mV 0C Model Removal 'GClock'
Slack : -0.611
TNS   : -15.524

Type  : Slow 1200mV 0C Model Minimum Pulse Width 'GClock'
Slack : -3.000
TNS   : -98.656

Type  : Slow 1200mV 0C Model Minimum Pulse Width 'MEM_WB_Buffer:MEM_WB_Buffer_entity|reg_5bit:EX_MEM_reg_Rd_reg|dflipflop:bit0|o_q~1'
Slack : 0.385
TNS   : 0.000

Type  : Fast 1200mV 0C Model Setup 'MEM_WB_Buffer:MEM_WB_Buffer_entity|reg_5bit:EX_MEM_reg_Rd_reg|dflipflop:bit0|o_q~1'
Slack : -2.824
TNS   : -133.940

Type  : Fast 1200mV 0C Model Setup 'GClock'
Slack : -0.339
TNS   : -13.560

Type  : Fast 1200mV 0C Model Hold 'MEM_WB_Buffer:MEM_WB_Buffer_entity|reg_5bit:EX_MEM_reg_Rd_reg|dflipflop:bit0|o_q~1'
Slack : 0.243
TNS   : 0.000

Type  : Fast 1200mV 0C Model Hold 'GClock'
Slack : 1.034
TNS   : 0.000

Type  : Fast 1200mV 0C Model Recovery 'GClock'
Slack : -2.076
TNS   : -175.785

Type  : Fast 1200mV 0C Model Removal 'GClock'
Slack : -0.366
TNS   : -7.378

Type  : Fast 1200mV 0C Model Minimum Pulse Width 'GClock'
Slack : -3.000
TNS   : -50.929

Type  : Fast 1200mV 0C Model Minimum Pulse Width 'MEM_WB_Buffer:MEM_WB_Buffer_entity|reg_5bit:EX_MEM_reg_Rd_reg|dflipflop:bit0|o_q~1'
Slack : 0.337
TNS   : 0.000

------------------------------------------------------------
